--------- beginning of main
PROBE[A 柱100.0ms · 同源] 帧数=360 dt: 均=16.667ms sd=0.000 min=16.667 max=16.667 | 位移: 均=0.1663 sd=0.0054 名义=0.1650 抖动率=3.30% 顿=0 倒退=0 | 柱间隔估计=101.00ms
PROBE[A 柱100.0ms · 同源] 到达帧(n=60): 位移 均=0.1694 最小=0.1586 最大=0.1796 （名义 0.1650，最小=96% 名义） | 时钟基准差 uptime−frame: 均=0.1ms 最小=0 最大=1
PROBE[A 柱100.0ms · 同源] 帧# dt(ms) Δ平移 Δ相位 位移 基准差(ms)
PROBE[A 柱100.0ms · 同源]   0  16.667     0   0.1600   0.1600      0
PROBE[A 柱100.0ms · 同源]   1  16.667     0   0.1700   0.1700      0
PROBE[A 柱100.0ms · 同源]   2  16.667     0   0.1700   0.1700      0
PROBE[A 柱100.0ms · 同源]   3  16.667     0   0.1600   0.1600      0
PROBE[A 柱100.0ms · 同源]   4  16.667     0   0.1700   0.1700      0
PROBE[A 柱100.0ms · 同源]   5  16.667     1  -0.8414   0.1586      0
PROBE[A 柱100.0ms · 同源]   6  16.667     0   0.1584   0.1584      0
PROBE[A 柱100.0ms · 同源]   7  16.667     0   0.1683   0.1683      0
PROBE[A 柱100.0ms · 同源]   8  16.667     0   0.1683   0.1683      0
PROBE[A 柱100.0ms · 同源]   9  16.667     0   0.1584   0.1584      0
PROBE[A 柱100.0ms · 同源]  10  16.667     0   0.1683   0.1683      0
PROBE[A 柱100.0ms · 同源]  11  16.667     1  -0.8204   0.1796      0
PROBE[A 柱100.0ms · 同源]  12  16.667     0   0.1600   0.1600      0
PROBE[A 柱100.0ms · 同源]  13  16.667     0   0.1700   0.1700      0
PROBE[A 柱100.0ms · 累加] 帧数=360 dt: 均=16.667ms sd=0.000 min=16.667 max=16.667 | 位移: 均=0.1663 sd=0.0151 名义=0.1667 抖动率=9.08% 顿=0 倒退=0 | 柱间隔估计=100.00ms
PROBE[A 柱100.0ms · 累加] 到达帧(n=59): 位移 均=0.1797 最小=0.1553 最大=0.2233 （名义 0.1667，最小=93% 名义） | 时钟基准差 uptime−frame: 均=0.0ms 最小=0 最大=1
PROBE[A 柱100.0ms · 累加] 帧# dt(ms) Δ平移 Δ相位 位移 基准差(ms)
PROBE[A 柱100.0ms · 累加]   0  16.667     0   0.1667   0.1667      0
PROBE[A 柱100.0ms · 累加]   1  16.667     0   0.1667   0.1667      0
PROBE[A 柱100.0ms · 累加]   2  16.667     0   0.1667   0.1667      0
PROBE[A 柱100.0ms · 累加]   3  16.667     0   0.1667   0.1667      0
PROBE[A 柱100.0ms · 累加]   4  16.667     0   0.1667   0.1667      0
PROBE[A 柱100.0ms · 累加]   5  16.667     1  -0.8333   0.1667      0
PROBE[A 柱100.0ms · 累加]   6  16.667     0   0.1667   0.1667      0
PROBE[A 柱100.0ms · 累加]   7  16.667     0   0.1667   0.1667      0
PROBE[A 柱100.0ms · 累加]   8  16.667     0   0.1667   0.1667      0
PROBE[A 柱100.0ms · 累加]   9  16.667     0   0.1667   0.1667      0
PROBE[A 柱100.0ms · 累加]  10  16.667     0   0.1667   0.1667      0
PROBE[A 柱100.0ms · 累加]  11  16.667     1  -0.8333   0.1667      0
PROBE[A 柱100.0ms · 累加]  12  16.667     0   0.1667   0.1667      0
PROBE[A 柱100.0ms · 累加]  13  16.667     0   0.1667   0.1667      0
PROBE[B 柱82.6ms（录像工况） · 同源] 帧数=360 dt: 均=16.667ms sd=0.000 min=16.667 max=16.667 | 位移: 均=0.2028 sd=0.0064 名义=0.2033 抖动率=3.16% 顿=0 倒退=0 | 柱间隔估计=82.00ms
PROBE[B 柱82.6ms（录像工况） · 同源] 到达帧(n=73): 位移 均=0.2027 最小=0.1812 最大=0.2189 （名义 0.2033，最小=89% 名义） | 时钟基准差 uptime−frame: 均=0.0ms 最小=0 最大=1
PROBE[B 柱82.6ms（录像工况） · 同源] 帧# dt(ms) Δ平移 Δ相位 位移 基准差(ms)
PROBE[B 柱82.6ms（录像工况） · 同源]   0  16.667     0   0.1951   0.1951      0
PROBE[B 柱82.6ms（录像工况） · 同源]   1  16.667     0   0.2073   0.2073      0
PROBE[B 柱82.6ms（录像工况） · 同源]   2  16.667     0   0.2073   0.2073      0
PROBE[B 柱82.6ms（录像工况） · 同源]   3  16.667     1  -0.8049   0.1951      0
PROBE[B 柱82.6ms（录像工况） · 同源]   4  16.667     0   0.2073   0.2073      0
PROBE[B 柱82.6ms（录像工况） · 同源]   5  16.667     0   0.2073   0.2073      0
PROBE[B 柱82.6ms（录像工况） · 同源]   6  16.667     0   0.1951   0.1951      0
PROBE[B 柱82.6ms（录像工况） · 同源]   7  16.667     0   0.2073   0.2073      0
PROBE[B 柱82.6ms（录像工况） · 同源]   8  16.667     1  -0.7927   0.2073      0
PROBE[B 柱82.6ms（录像工况） · 同源]   9  16.667     0   0.1951   0.1951      0
PROBE[B 柱82.6ms（录像工况） · 同源]  10  16.667     0   0.2073   0.2073      0
PROBE[B 柱82.6ms（录像工况） · 同源]  11  16.667     0   0.2073   0.2073      0
PROBE[B 柱82.6ms（录像工况） · 同源]  12  16.667     1  -0.8049   0.1951      0
PROBE[B 柱82.6ms（录像工况） · 同源]  13  16.667     0   0.2073   0.2073      0
PROBE[B 柱82.6ms（录像工况） · 累加] 帧数=360 dt: 均=16.667ms sd=0.000 min=16.667 max=16.667 | 位移: 均=0.2029 sd=0.0067 名义=0.2033 抖动率=3.27% 顿=0 倒退=0 | 柱间隔估计=82.00ms
PROBE[B 柱82.6ms（录像工况） · 累加] 到达帧(n=73): 位移 均=0.2065 最小=0.1889 最大=0.2358 （名义 0.2033，最小=93% 名义） | 时钟基准差 uptime−frame: 均=0.0ms 最小=0 最大=1
PROBE[B 柱82.6ms（录像工况） · 累加] 帧# dt(ms) Δ平移 Δ相位 位移 基准差(ms)
PROBE[B 柱82.6ms（录像工况） · 累加]   0  16.667     0   0.2008   0.2008      0
PROBE[B 柱82.6ms（录像工况） · 累加]   1  16.667     0   0.2008   0.2008      0
PROBE[B 柱82.6ms（录像工况） · 累加]   2  16.667     0   0.2008   0.2008      0
PROBE[B 柱82.6ms（录像工况） · 累加]   3  16.667     1  -0.7850   0.2150      0
PROBE[B 柱82.6ms（录像工况） · 累加]   4  16.667     0   0.2033   0.2033      0
PROBE[B 柱82.6ms（录像工况） · 累加]   5  16.667     0   0.2033   0.2033      0
PROBE[B 柱82.6ms（录像工况） · 累加]   6  16.667     0   0.2033   0.2033      0
PROBE[B 柱82.6ms（录像工况） · 累加]   7  16.667     0   0.2033   0.2033      0
PROBE[B 柱82.6ms（录像工况） · 累加]   8  16.667     1  -0.7967   0.2033      0
PROBE[B 柱82.6ms（录像工况） · 累加]   9  16.667     0   0.2033   0.2033      0
PROBE[B 柱82.6ms（录像工况） · 累加]  10  16.667     0   0.2033   0.2033      0
PROBE[B 柱82.6ms（录像工况） · 累加]  11  16.667     0   0.2033   0.2033      0
PROBE[B 柱82.6ms（录像工况） · 累加]  12  16.667     0   0.1992   0.1992      0
PROBE[B 柱82.6ms（录像工况） · 累加]  13  16.667     1  -0.7927   0.2073      0
PROBE[C 柱41.2ms（用户报的那台） · 同源] 帧数=360 dt: 均=16.667ms sd=0.000 min=16.667 max=16.667 | 位移: 均=0.4053 sd=0.0136 名义=0.4065 抖动率=3.34% 顿=0 倒退=0 | 柱间隔估计=41.00ms
PROBE[C 柱41.2ms（用户报的那台） · 同源] 到达帧(n=146): 位移 均=0.4053 最小=0.3571 最大=0.4373 （名义 0.4065，最小=88% 名义） | 时钟基准差 uptime−frame: 均=0.0ms 最小=0 最大=1
PROBE[C 柱41.2ms（用户报的那台） · 同源] 帧# dt(ms) Δ平移 Δ相位 位移 基准差(ms)
PROBE[C 柱41.2ms（用户报的那台） · 同源]   0  16.667     1  -0.6098   0.3902      0
PROBE[C 柱41.2ms（用户报的那台） · 同源]   1  16.667     0   0.4146   0.4146      0
PROBE[C 柱41.2ms（用户报的那台） · 同源]   2  16.667     0   0.4146   0.4146      0
PROBE[C 柱41.2ms（用户报的那台） · 同源]   3  16.667     1  -0.6098   0.3902      0
PROBE[C 柱41.2ms（用户报的那台） · 同源]   4  16.667     0   0.4146   0.4146      0
PROBE[C 柱41.2ms（用户报的那台） · 同源]   5  16.667     1  -0.6132   0.3868      0
PROBE[C 柱41.2ms（用户报的那台） · 同源]   6  16.667     0   0.3810   0.3810      0
PROBE[C 柱41.2ms（用户报的那台） · 同源]   7  16.667     0   0.4048   0.4048      0
PROBE[C 柱41.2ms（用户报的那台） · 同源]   8  16.667     1  -0.5627   0.4373      0
PROBE[C 柱41.2ms（用户报的那台） · 同源]   9  16.667     0   0.3902   0.3902      0
PROBE[C 柱41.2ms（用户报的那台） · 同源]  10  16.667     1  -0.5854   0.4146      0
PROBE[C 柱41.2ms（用户报的那台） · 同源]  11  16.667     0   0.4146   0.4146      0
PROBE[C 柱41.2ms（用户报的那台） · 同源]  12  16.667     0   0.3902   0.3902      0
PROBE[C 柱41.2ms（用户报的那台） · 同源]  13  16.667     1  -0.5854   0.4146      0
PROBE[C 柱41.2ms（用户报的那台） · 累加] 帧数=360 dt: 均=16.667ms sd=0.000 min=16.667 max=16.667 | 位移: 均=0.4052 sd=0.0195 名义=0.4065 抖动率=4.79% 顿=0 倒退=0 | 柱间隔估计=41.00ms
PROBE[C 柱41.2ms（用户报的那台） · 累加] 到达帧(n=146): 位移 均=0.4126 最小=0.3732 最大=0.4878 （名义 0.4065，最小=92% 名义） | 时钟基准差 uptime−frame: 均=0.0ms 最小=0 最大=0
PROBE[C 柱41.2ms（用户报的那台） · 累加] 帧# dt(ms) Δ平移 Δ相位 位移 基准差(ms)
PROBE[C 柱41.2ms（用户报的那台） · 累加]   0  16.667     1  -0.5935   0.4065      0
PROBE[C 柱41.2ms（用户报的那台） · 累加]   1  16.667     0   0.4065   0.4065      0
PROBE[C 柱41.2ms（用户报的那台） · 累加]   2  16.667     0   0.4065   0.4065      0
PROBE[C 柱41.2ms（用户报的那台） · 累加]   3  16.667     1  -0.5935   0.4065      0
PROBE[C 柱41.2ms（用户报的那台） · 累加]   4  16.667     0   0.4065   0.4065      0
PROBE[C 柱41.2ms（用户报的那台） · 累加]   5  16.667     1  -0.5935   0.4065      0
PROBE[C 柱41.2ms（用户报的那台） · 累加]   6  16.667     0   0.4065   0.4065      0
PROBE[C 柱41.2ms（用户报的那台） · 累加]   7  16.667     0   0.4065   0.4065      0
PROBE[C 柱41.2ms（用户报的那台） · 累加]   8  16.667     1  -0.5935   0.4065      0
PROBE[C 柱41.2ms（用户报的那台） · 累加]   9  16.667     0   0.4065   0.4065      0
PROBE[C 柱41.2ms（用户报的那台） · 累加]  10  16.667     1  -0.6214   0.3786      0
PROBE[C 柱41.2ms（用户报的那台） · 累加]  11  16.667     0   0.3968   0.3968      0
PROBE[C 柱41.2ms（用户报的那台） · 累加]  12  16.667     0   0.3968   0.3968      0
PROBE[C 柱41.2ms（用户报的那台） · 累加]  13  16.667     1  -0.5707   0.4293      0
